Saved working directory and index state On gh-pages: ghpages maps2
error: unable to create file .Rproj.user/ABE7B653/console06/587CA191: File exists
fatal: Could not reset index file to revision 'HEAD'.
]0;~/Documents/Presentations/githubpres6300L-127771-M:githubpres malishev$ git ad [Kd .[A[C[C[C[C[C[C[C[C[C[C[C[C[C[C[C[C[C[C[C[C[C[C[C[C[C[C[C[C[C[C[C[C[C[C[C[C[C[C[C[C[C[C[C[C[C[C[C[C[C[C[C[Kd
HEAD is now at a6c888e stash2
]0;~/Documents/Presentations/githubpres6300L-127771-M:githubpres malishev$ git checkout gh- pages
M	.Rproj.user/ABE7B653/console06/587CA191
Already on 'gh-pages'
]0;~/Documents/Presentations/githubpres6300L-127771-M:githubpres malishev$ git add .

Switched to branch 'gh-pages'
]0;~/Documents/Presentations/githubpres6300L-127771-M:githubpres malishev$ git checkout gh-ppages -f[K[A[C[C[C[C[C[C[C[C[C[C[C[C[C[C[C[C[C[C[C[C[C[C[C[C[C[C[C[C[C[C[C[C[C[C[C[C[C[C[C[C[C[C[C[Cmaster -f[A[C[C[C[C[C[C[C[C[C[C[C[C[C[C[C[C[C[C[C[C[C[C[C[C[C[C[C[C[C[C[C[C[C[C[C[C[C[C[C[C[C[C[Cgh-p[1Pages -f[A[C[C[C[C[C[C[C[C[C[C[C[C[C[C[C[C[C[C[C[C[C[C[C[C[C[C[C[C[K
[K[A[C[C[C[C[C[C[C[C[C[C[C[C[C[C[C[C[C[C[C[C[C[C[C[C[C[C[C[C[C[C[C[C[C[C[C[Cgit add .
]0;~/Documents/Presentations/githubpres6300L-127771-M:githubpres malishev$ git commit --[Km '' [A[C[C[C[C[C[C[C[C[C[C[C[C[C[C[C[C[C[C[C[C[C[C[C[C[C[C[C[C[C[C[C[C[C[C[C[C[C[C[C[C[C[C[C[C[C[C[C[C[C[C[Cm''a'p's' 'g'h'p'a'g'e's'
[gh-pages f70f13b] maps ghpages
 5 files changed, 54 insertions(+), 12 deletions(-)
]0;~/Documents/Presentations/githubpres6300L-127771-M:githubpres malishev$ git push origin  gh-pg[Kages
Enter passphrase for key '/Users/malishev/.ssh/id_rsa': 
Counting objects: 10, done.
Delta compression using up to 4 threads.
Compressing objects:  10% (1/10)   Compressing objects:  20% (2/10)   Compressing objects:  30% (3/10)   Compressing objects:  40% (4/10)   Compressing objects:  50% (5/10)   Compressing objects:  60% (6/10)   Compressing objects:  70% (7/10)   Compressing objects:  80% (8/10)   Compressing objects:  90% (9/10)   Compressing objects: 100% (10/10)   Compressing objects: 100% (10/10), done.
Writing objects:  10% (1/10)   Writing objects:  20% (2/10)   Writing objects:  30% (3/10)   Writing objects:  40% (4/10)   Writing objects:  50% (5/10)   Writing objects:  60% (6/10)   Writing objects:  70% (7/10)   Writing objects:  80% (8/10)   Writing objects:  90% (9/10)   Writing objects: 100% (10/10)   Writing objects: 100% (10/10), 2.29 KiB | 0 bytes/s, done.
Total 10 (delta 7), reused 0 (delta 0)
remote: Resolving deltas:   0% (0/7)[Kremote: Resolving deltas:  14% (1/7)[Kremote: Resolving deltas:  28% (2/7)[Kremote: Resolving deltas:  42% (3/7)[Kremote: Resolving deltas:  57% (4/7)[Kremote: Resolving deltas:  71% (5/7)[Kremote: Resolving deltas:  85% (6/7)[Kremote: Resolving deltas: 100% (7/7)[Kremote: Resolving deltas: 100% (7/7), completed with 7 local objects.[K
To github.com:darwinanddavis/githubpres.git
   db3655e..f70f13b  gh-pages -> gh-pages
]0;~/Documents/Presentations/githubpres6300L-127771-M:githubpres malishev$ git add .
]0;~/Documents/Presentations/githubpres6300L-127771-M:githubpres malishev$ git commit -m '' [A[C[C[C[C[C[C[C[C[C[C[C[C[C[C[C[C[C[C[C[C[C[C[C[C[C[C[C[C[C[C[C[C[C[C[C[C[C[C[C[C[C[C[C[C[C[C[C[C[C[C[Cr''e'a'd'm'e'
[gh-pages f0bb33d] readme
 2 files changed, 17 insertions(+), 3 deletions(-)
]0;~/Documents/Presentations/githubpres6300L-127771-M:githubpres malishev$ git piush[K[K[K[Kush origin  master
Enter passphrase for key '/Users/malishev/.ssh/id_rsa': 
Everything up-to-date
]0;~/Documents/Presentations/githubpres6300L-127771-M:githubpres malishev$ git push origin  gh-pages
Enter passphrase for key '/Users/malishev/.ssh/id_rsa': 
Counting objects: 7, done.
Delta compression using up to 4 threads.
Compressing objects:  14% (1/7)   Compressing objects:  28% (2/7)   Compressing objects:  42% (3/7)   Compressing objects:  57% (4/7)   Compressing objects:  71% (5/7)   Compressing objects:  85% (6/7)   Compressing objects: 100% (7/7)   Compressing objects: 100% (7/7), done.
Writing objects:  14% (1/7)   Writing objects:  28% (2/7)   Writing objects:  42% (3/7)   Writing objects:  57% (4/7)   Writing objects:  71% (5/7)   Writing objects:  85% (6/7)   Writing objects: 100% (7/7)   Writing objects: 100% (7/7), 1.50 KiB | 0 bytes/s, done.
Total 7 (delta 3), reused 0 (delta 0)
remote: Resolving deltas:   0% (0/3)[Kremote: Resolving deltas:  33% (1/3)[Kremote: Resolving deltas:  66% (2/3)[Kremote: Resolving deltas: 100% (3/3)[Kremote: Resolving deltas: 100% (3/3), completed with 3 local objects.[K
To github.com:darwinanddavis/githubpres.git
   f70f13b..f0bb33d  gh-pages -> gh-pages
git add .
]0;~/Documents/Presentations/githubpres6300L-127771-M:githubpres malishev$ git commit -m '' [A[C[C[C[C[C[C[C[C[C[C[C[C[C[C[C[C[C[C[C[C[C[C[C[C[C[C[C[C[C[C[C[C[C[C[C[C[C[C[C[C[C[C[C[C[C[C[C[C[C[C[Cu''p'd'a't'e' '[1P'[1P'[1P'[1P'[1P'[1P'[A[C[C[C[C[C[C[C[C[C[C[C[C[C[C[C[C[C[C[C[C[C[C[C[C[C[C[C[C[C[C[C[C[C[C[C[C[C[C[C[C[C[C[C[C[C[C[C[C[C[C[C' [K[A[C[C[C[C[C[C[C[C[C[C[C[C[C[C[C[C[C[C[C[C[C[C[C[C[C[C[C[C[C[C[C[C[C[C[C[C[C[C[C[C[C[C[C[C[C[C[C[C[C[C[Cp''r'e' 'w'e'b's'i't'e' 'p'r'e's'[1P'[1P'[1P'[1P'a'd'd'
[gh-pages 46b8acb] pre website add
 11 files changed, 103 insertions(+), 88 deletions(-)
 rewrite .Rproj.user/ABE7B653/console06/INDEX001 (87%)
]0;~/Documents/Presentations/githubpres6300L-127771-M:githubpres malishev$ git push p[Korigin  master
Enter passphrase for key '/Users/malishev/.ssh/id_rsa': 
Everything up-to-date
]0;~/Documents/Presentations/githubpres6300L-127771-M:githubpres malishev$ gi [Kt remote -v
origin	git@github.com:darwinanddavis/githubpres.git (fetch)
origin	git@github.com:darwinanddavis/githubpres.git (push)
]0;~/Documents/Presentations/githubpres6300L-127771-M:githubpres malishev$ git remote -vpush origin mmaster[A[C[C[C[C[C[C[C[C[C[C[C[C[C[C[C[C[C[C[C[C[C[C[C[C[C[C[C[C[C[C[C[C[C[Ccommit -m 'pre website add'[A[C[C[C[C[C[C[C[C[C[C[C[C[C[C[C[C[C[C[C[C[C[C[C[C[C[7Padd .
[K[A[C[C[C[C[C[C[C[C[C[C[C[C[C[C[C[C[C[C[C[C[C[C[C[C[C[C[C[C[C[C[C[C[C[C[C[C[C[C[C[C[C[C[C[C[C